     1                                  section .data
     2 00000000 A086010000000000        	n: dq 100000
     3 00000008 53756D206973202564-     	format: db "Sum is %d", 10, 0
     4 00000011 0A00               
     5                                  section .text
     6                                  	extern printf
     7                                  	global main
     8                                  main:
     9 00000000 488B0425[00000000]      	mov rax, [n]
    10 00000008 E823000000              	call sum
    11                                  
    12 0000000D 48BF-                   	mov rdi, format
    13 0000000F [0800000000000000] 
    14 00000017 4889C6                  	mov rsi, rax
    15 0000001A B800000000              	mov rax, 0
    16 0000001F E8(00000000)            	call printf
    17                                  	
    18 00000024 B801000000              	mov eax, 1
    19 00000029 BB00000000              	mov ebx, 0
    20 0000002E CD80                    	int 80H
    21                                  sum:
    22 00000030 4885C0                  	test rax, rax
    23 00000033 740F                    	jz sum_ret_0
    24                                  	
    25 00000035 50                      	push rax
    26                                  	
    27 00000036 48FFC8                  	dec rax
    28 00000039 E8F2FFFFFF              	call sum
    29                                  	
    30 0000003E 5A                      	pop rdx
    31 0000003F 4801D0                  	add rax, rdx
    32 00000042 EB05                    	jmp sum_ret
    33                                  
    34                                  sum_ret_0:
    35 00000044 B800000000              	mov rax, 0
    36                                  sum_ret:
    37 00000049 C3                      	ret
