     1                                  section .data
     2 00000000 01                      	N1: db 1
     3 00000001 02                      	N2: db 2
     4 00000002 03                      	N3: db 3
     5                                  section .text
     6                                  	global _start
     7                                  _start:
     8 00000000 8A3425[02000000]        	mov byte dh, [N3]
     9 00000007 8A1425[00000000]        	mov byte dl, [N1]
    10                                  
    11                                  L1:	
    12 0000000E 3A3425[01000000]        	cmp dh, [N2]
    13 00000015 7307                    	jae L2
    14 00000017 8A3425[01000000]        	mov byte dh, [N2]
    15                                  
    16                                  L2:
    17 0000001E 3A3425[00000000]        	cmp dh, [N1]
    18 00000025 7307                    	jae L3
    19 00000027 8A3425[00000000]        	mov byte dh, [N1]
    20                                  
    21                                  L3:
    22 0000002E 3A1425[01000000]        	cmp dl, [N2]
    23 00000035 7607                    	jbe L4
    24 00000037 8A1425[01000000]        	mov byte dl, [N2]
    25                                  
    26                                  L4:
    27 0000003E 3A1425[02000000]        	cmp dl, [N3]
    28 00000045 7607                    	jbe L5
    29 00000047 8A1425[01000000]        	mov byte dl, [N2]
    30                                  
    31                                  L5:
    32 0000004E B801000000              	mov eax, 1
    33 00000053 BB00000000              	mov ebx, 0
    34 00000058 CD80                    	int 80H
