     1                                  section .data
     2 00000000 7800000000000000        	n1: dq 120
     3 00000008 DC00000000000000        	n2: dq 220
     4                                  
     5 00000010 5468652072656D6169-     	format: db "The remainder is %d", 10, 0
     6 00000019 6E6465722069732025-
     7 00000022 640A00             
     8                                  section .text
     9                                  	extern printf
    10                                  	global main
    11                                  main:
    12 00000000 488B0425[08000000]      	mov rax, [n2]
    13 00000008 488B1C25[00000000]      	mov rbx, [n1]
    14 00000010 E823000000              	call r_finder
    15                                  
    16 00000015 48BF-                   	mov rdi, format
    17 00000017 [1000000000000000] 
    18 0000001F 4889C6                  	mov rsi, rax
    19 00000022 B800000000              	mov rax, 0
    20 00000027 E8(00000000)            	call printf
    21                                  
    22 0000002C B801000000              	mov eax, 1
    23 00000031 BB00000000              	mov ebx, 0
    24 00000036 CD80                    	int 80H
    25                                  
    26                                  r_finder:
    27 00000038 4839D8                  	cmp rax, rbx
    28 0000003B 7208                    	jb r_finder_ret
    29                                  
    30 0000003D 4829D8                  	sub rax, rbx
    31 00000040 E8F3FFFFFF              	call r_finder
    32                                  
    33                                  r_finder_ret:
    34 00000045 C3                      	ret
